(1 _ {"tag":0,"h0":null,"h1":null,"h2":2,"h3":0} {"tag":0,"h0":null})
{"tag":0,"h0":null}
(1 _ {"tag":0,"h0":null,"h1":null,"h2":2,"h3":3} {"tag":0,"h0":null})
(1 _ {"tag":0,"h0":null,"h1":null,"h2":1,"h3":3} (1 _ {"tag":0,"h0":null,"h1":null,"h2":2,"h3":0} {"tag":0,"h0":null}))
(1 _ {"tag":0,"h0":null,"h1":null,"h2":0,"h3":0} (1 _ {"tag":0,"h0":null,"h1":null,"h2":1,"h3":0} (1 _ {"tag":0,"h0":null,"h1":null,"h2":2,"h3":0} (1 _ {"tag":0,"h0":null,"h1":null,"h2":3,"h3":0} (1 _ {"tag":0,"h0":null,"h1":null,"h2":4,"h3":0} (1 _ {"tag":0,"h0":null,"h1":null,"h2":5,"h3":0} (1 _ {"tag":0,"h0":null,"h1":null,"h2":6,"h3":0} (1 _ {"tag":0,"h0":null,"h1":null,"h2":7,"h3":0} (1 _ {"tag":0,"h0":null,"h1":null,"h2":8,"h3":0} (1 _ {"tag":0,"h0":null,"h1":null,"h2":9,"h3":0} (1 _ {"tag":0,"h0":null,"h1":null,"h2":10,"h3":0} (1 _ {"tag":0,"h0":null,"h1":null,"h2":11,"h3":0} (1 _ {"tag":0,"h0":null,"h1":null,"h2":12,"h3":0} (1 _ {"tag":0,"h0":null,"h1":null,"h2":13,"h3":0} (1 _ {"tag":0,"h0":null,"h1":null,"h2":14,"h3":0} (1 _ {"tag":0,"h0":null,"h1":null,"h2":16,"h3":0} (1 _ {"tag":0,"h0":null,"h1":null,"h2":17,"h3":0} (1 _ {"tag":0,"h0":null,"h1":null,"h2":20,"h3":0} {"tag":0,"h0":null}))))))))))))))))))
{"tag":0,"h0":null,"h1":{"tag":0,"h0":null,"h1":null,"h2":0,"h3":0}}
{"tag":0,"h0":null,"h1":{"tag":0,"h0":null,"h1":null,"h2":20,"h3":0}}
ohne 4
(1 _ 0 (1 _ 1 (1 _ 2 (1 _ 3 (1 _ 5 (1 _ 6 (1 _ 7 (1 _ 8 (1 _ 9 (1 _ 10 (1 _ 11 (1 _ 12 (1 _ 13 (1 _ 14 (1 _ 16 (1 _ 17 (1 _ 20 {"tag":0,"h0":null})))))))))))))))))
ohne 1
(1 _ 0 (1 _ 2 (1 _ 3 (1 _ 4 (1 _ 5 (1 _ 6 (1 _ 7 (1 _ 8 (1 _ 9 (1 _ 10 (1 _ 11 (1 _ 12 (1 _ 13 (1 _ 14 (1 _ 16 (1 _ 17 (1 _ 20 {"tag":0,"h0":null})))))))))))))))))
ohne 5
(1 _ 0 (1 _ 1 (1 _ 2 (1 _ 3 (1 _ 4 (1 _ 6 (1 _ 7 (1 _ 8 (1 _ 9 (1 _ 10 (1 _ 11 (1 _ 12 (1 _ 13 (1 _ 14 (1 _ 16 (1 _ 17 (1 _ 20 {"tag":0,"h0":null})))))))))))))))))
ohne 7
(1 _ 0 (1 _ 1 (1 _ 2 (1 _ 3 (1 _ 4 (1 _ 5 (1 _ 6 (1 _ 8 (1 _ 9 (1 _ 10 (1 _ 11 (1 _ 12 (1 _ 13 (1 _ 14 (1 _ 16 (1 _ 17 (1 _ 20 {"tag":0,"h0":null})))))))))))))))))
ohne 2
(1 _ 0 (1 _ 1 (1 _ 3 (1 _ 4 (1 _ 5 (1 _ 6 (1 _ 7 (1 _ 8 (1 _ 9 (1 _ 10 (1 _ 11 (1 _ 12 (1 _ 13 (1 _ 14 (1 _ 16 (1 _ 17 (1 _ 20 {"tag":0,"h0":null})))))))))))))))))
ohne 9
(1 _ 0 (1 _ 1 (1 _ 2 (1 _ 3 (1 _ 4 (1 _ 5 (1 _ 6 (1 _ 7 (1 _ 8 (1 _ 10 (1 _ 11 (1 _ 12 (1 _ 13 (1 _ 14 (1 _ 16 (1 _ 17 (1 _ 20 {"tag":0,"h0":null})))))))))))))))))
ohne 3
(1 _ 0 (1 _ 1 (1 _ 2 (1 _ 4 (1 _ 5 (1 _ 6 (1 _ 7 (1 _ 8 (1 _ 9 (1 _ 10 (1 _ 11 (1 _ 12 (1 _ 13 (1 _ 14 (1 _ 16 (1 _ 17 (1 _ 20 {"tag":0,"h0":null})))))))))))))))))
ohne 10
(1 _ 0 (1 _ 1 (1 _ 2 (1 _ 3 (1 _ 4 (1 _ 5 (1 _ 6 (1 _ 7 (1 _ 8 (1 _ 9 (1 _ 11 (1 _ 12 (1 _ 13 (1 _ 14 (1 _ 16 (1 _ 17 (1 _ 20 {"tag":0,"h0":null})))))))))))))))))
ohne 6
(1 _ 0 (1 _ 1 (1 _ 2 (1 _ 3 (1 _ 4 (1 _ 5 (1 _ 7 (1 _ 8 (1 _ 9 (1 _ 10 (1 _ 11 (1 _ 12 (1 _ 13 (1 _ 14 (1 _ 16 (1 _ 17 (1 _ 20 {"tag":0,"h0":null})))))))))))))))))
ohne 0
(1 _ 1 (1 _ 2 (1 _ 3 (1 _ 4 (1 _ 5 (1 _ 6 (1 _ 7 (1 _ 8 (1 _ 9 (1 _ 10 (1 _ 11 (1 _ 12 (1 _ 13 (1 _ 14 (1 _ 16 (1 _ 17 (1 _ 20 {"tag":0,"h0":null})))))))))))))))))
ohne 11
(1 _ 0 (1 _ 1 (1 _ 2 (1 _ 3 (1 _ 4 (1 _ 5 (1 _ 6 (1 _ 7 (1 _ 8 (1 _ 9 (1 _ 10 (1 _ 12 (1 _ 13 (1 _ 14 (1 _ 16 (1 _ 17 (1 _ 20 {"tag":0,"h0":null})))))))))))))))))
ohne 12
(1 _ 0 (1 _ 1 (1 _ 2 (1 _ 3 (1 _ 4 (1 _ 5 (1 _ 6 (1 _ 7 (1 _ 8 (1 _ 9 (1 _ 10 (1 _ 11 (1 _ 13 (1 _ 14 (1 _ 16 (1 _ 17 (1 _ 20 {"tag":0,"h0":null})))))))))))))))))
ohne 13
(1 _ 0 (1 _ 1 (1 _ 2 (1 _ 3 (1 _ 4 (1 _ 5 (1 _ 6 (1 _ 7 (1 _ 8 (1 _ 9 (1 _ 10 (1 _ 11 (1 _ 12 (1 _ 14 (1 _ 16 (1 _ 17 (1 _ 20 {"tag":0,"h0":null})))))))))))))))))
ohne 20
(1 _ 0 (1 _ 1 (1 _ 2 (1 _ 3 (1 _ 4 (1 _ 5 (1 _ 6 (1 _ 7 (1 _ 8 (1 _ 9 (1 _ 10 (1 _ 11 (1 _ 12 (1 _ 13 (1 _ 14 (1 _ 16 (1 _ 17 {"tag":0,"h0":null})))))))))))))))))
ohne 14
(1 _ 0 (1 _ 1 (1 _ 2 (1 _ 3 (1 _ 4 (1 _ 5 (1 _ 6 (1 _ 7 (1 _ 8 (1 _ 9 (1 _ 10 (1 _ 11 (1 _ 12 (1 _ 13 (1 _ 16 (1 _ 17 (1 _ 20 {"tag":0,"h0":null})))))))))))))))))
ohne 16
(1 _ 0 (1 _ 1 (1 _ 2 (1 _ 3 (1 _ 4 (1 _ 5 (1 _ 6 (1 _ 7 (1 _ 8 (1 _ 9 (1 _ 10 (1 _ 11 (1 _ 12 (1 _ 13 (1 _ 14 (1 _ 17 (1 _ 20 {"tag":0,"h0":null})))))))))))))))))
ohne 17
(1 _ 0 (1 _ 1 (1 _ 2 (1 _ 3 (1 _ 4 (1 _ 5 (1 _ 6 (1 _ 7 (1 _ 8 (1 _ 9 (1 _ 10 (1 _ 11 (1 _ 12 (1 _ 13 (1 _ 14 (1 _ 16 (1 _ 20 {"tag":0,"h0":null})))))))))))))))))
ohne 8
(1 _ 0 (1 _ 1 (1 _ 2 (1 _ 3 (1 _ 4 (1 _ 5 (1 _ 6 (1 _ 7 (1 _ 9 (1 _ 10 (1 _ 11 (1 _ 12 (1 _ 13 (1 _ 14 (1 _ 16 (1 _ 17 (1 _ 20 {"tag":0,"h0":null})))))))))))))))))

